
<no location info>: not an expression: ‘’

<interactive>:1:3: parse error on input ‘,’
