<*>
  <*>
    <*>
      a >>= Done
      b >>= (c >>= Done)
    d
  e >>= Done
<*>
  ((<*>
      a >>= Done
      b) >>= (<*>
                c >>= Done
                d)) >>= Done
  e
