Stopped in Main.mymap, ../Test3.hs:2:18-31
_result :: [t1] = _
f :: Integer -> t1 = _
x :: Integer = 1
xs :: [Integer] = [2,3]
xs :: [Integer] = [2,3]
x :: Integer = 1
f :: Integer -> t1 = _
_result :: [t1] = _
y = (_t1::t1)
y = 2
xs :: [Integer] = [2,3]
x :: Integer = 1
f :: Integer -> Integer = _
_result :: [Integer] = _
y :: Integer = 2
_t1 :: Integer = 2
2
